ΓÜá `eslint` configuration in next.config.mjs is no longer supported. See more info here: https://nextjs.org/docs/app/api-reference/cli/next#next-lint-options
ΓÜá Invalid next.config.mjs options detected: 
ΓÜá     Unrecognized key(s) in object: 'eslint'
ΓÜá See more info here: https://nextjs.org/docs/messages/invalid-next-config
Γû▓ Next.js 16.1.1 (Turbopack)
- Environments: .env.local

ΓÜá The "middleware" file convention is deprecated. Please use "proxy" instead. Learn more: https://nextjs.org/docs/messages/middleware-to-proxy
  Creating an optimized production build ...

> Build error occurred
Error: Turbopack build failed with 1 errors:
./app
Error: Next.js inferred your workspace root, but it may not be correct.
    We couldn't find the Next.js package (next/package.json) from the project directory: F:\Maria\pessoal\OSA_files\classification\app
     To fix this, set turbopack.root in your Next.js config, or ensure the Next.js package is resolvable from this directory.
    Note: For security and performance reasons, files outside of the project directory will not be compiled.
    See https://nextjs.org/docs/app/api-reference/config/next-config-js/turbopack#root-directory for more information.

    at ignore-listed frames
